{"phase": "pilot", "audited_records": 2, "completed_match": "2026-05-29T18-17-39Z-fb68d7"}
{
  "status": "passed_rollout_generation_audit",
  "phase": "pilot",
  "manifest_sha256": "99a0dbeaf4a216e6fc9053b5d4adb64f5b38523664790386f6faf50c30459b3b",
  "registration_sha256": "2188f6818aecd5fa3b0644af6dccfae426c0bc5e2deaaf47154af3975da476b3",
  "script_sha256": "7e7fa2351ff0d97acc119e5b33f6d5471f1c0152c9887f81e1e1cb285d53c38a",
  "n_records": 2,
  "n_matches": 1,
  "n_seeds": 1,
  "complete_registered_grid": true,
  "source_report_and_generated_hashes_verified": true,
  "exact_action_conditioning_preserved": true,
  "preintervention_sampler_inputs_bitwise_equal": true,
  "fixed_context_latents_unchanged": true,
  "all_stored_context_pixels_exact": true,
  "all45_sampler_calls_validated": true,
  "saved_tile_descriptor_lift_metrics_recomputed": true,
  "source_labels_loaded": false,
  "source_future_pixels_loaded": false,
  "gpu_used": false,
  "physical_control_established": false,
  "independent_generated_accuracy_established": false,
  "limits": [
    "Discarded pilot controls verified by persisted hash equality and executed-code binding, not independently rerun.",
    "Clipped pixel archives cannot reconstruct unclipped decoder values; raw hashes remain producer evidence when clipping occurred.",
    "CPU lift recomputation allows one BF16 storage spacing and small FP32 reduction tolerances; this is an engineering integrity audit."
  ],
  "elapsed_seconds": 1.9932005181908607
}
