{"completed": 1, "identity": "seed0/relu_active32", "selection_mse": 0.20519188176475034, "max_metric_difference": 9.03100705329507e-10, "elapsed_seconds": 2.35}
{"completed": 2, "identity": "seed0/signed_active32", "selection_mse": 0.20672611813106204, "max_metric_difference": 8.789995288860375e-07, "elapsed_seconds": 3.76}
{"completed": 3, "identity": "seed0/block_active32", "selection_mse": 0.22883246605990898, "max_metric_difference": 9.313225746154785e-10, "elapsed_seconds": 4.93}
{"completed": 4, "identity": "seed0/block_active32_temporal", "selection_mse": 0.22665851800176062, "max_metric_difference": 1.0395337507462798e-09, "elapsed_seconds": 6.07}
{"completed": 5, "identity": "seed0/block_active32_temporal_shuffled", "selection_mse": 0.2244654521511033, "max_metric_difference": 3.725290298461914e-09, "elapsed_seconds": 7.2}
{"completed": 6, "identity": "seed0/relu_active64", "selection_mse": 0.19208602020573534, "max_metric_difference": 6.066090962875137e-10, "elapsed_seconds": 8.55}
{"completed": 7, "identity": "seed0/signed_active64", "selection_mse": 0.1939024582482293, "max_metric_difference": 8.306460103080227e-10, "elapsed_seconds": 9.84}
{"completed": 8, "identity": "seed0/block_active64", "selection_mse": 0.22036399115486607, "max_metric_difference": 6.773254179748278e-10, "elapsed_seconds": 10.95}
{"completed": 9, "identity": "seed0/block_active64_temporal", "selection_mse": 0.21683099596954108, "max_metric_difference": 5.503271172102586e-10, "elapsed_seconds": 12.01}
{"completed": 10, "identity": "seed0/block_active64_temporal_shuffled", "selection_mse": 0.21634399023625586, "max_metric_difference": 1.1853197312561292e-09, "elapsed_seconds": 13.22}
{"completed": 11, "identity": "seed1/relu_active32", "selection_mse": 0.20430663641339364, "max_metric_difference": 5.503270061879562e-10, "elapsed_seconds": 14.66}
{"completed": 12, "identity": "seed1/signed_active32", "selection_mse": 0.20609364643276612, "max_metric_difference": 6.51678250679355e-06, "elapsed_seconds": 15.93}
{"completed": 13, "identity": "seed1/block_active32", "selection_mse": 0.22800450047603787, "max_metric_difference": 9.595445549237525e-10, "elapsed_seconds": 16.96}
{"completed": 14, "identity": "seed1/block_active32_temporal", "selection_mse": 0.22554413846882465, "max_metric_difference": 1.933199933468188e-09, "elapsed_seconds": 18.09}
{"completed": 15, "identity": "seed1/block_active32_temporal_shuffled", "selection_mse": 0.2241566740568292, "max_metric_difference": 7.628705445128503e-10, "elapsed_seconds": 19.16}
{"completed": 16, "identity": "seed1/relu_active64", "selection_mse": 0.19225777260564178, "max_metric_difference": 5.33857708040486e-10, "elapsed_seconds": 20.37}
{"completed": 17, "identity": "seed1/signed_active64", "selection_mse": 0.1931009659999508, "max_metric_difference": 2.2331673291686727e-06, "elapsed_seconds": 21.58}
{"completed": 18, "identity": "seed1/block_active64", "selection_mse": 0.21869963348713956, "max_metric_difference": 1.6227590382555945e-09, "elapsed_seconds": 22.73}
{"completed": 19, "identity": "seed1/block_active64_temporal", "selection_mse": 0.21598516350546965, "max_metric_difference": 1.8203123453019998e-09, "elapsed_seconds": 23.84}
{"completed": 20, "identity": "seed1/block_active64_temporal_shuffled", "selection_mse": 0.2151565894918035, "max_metric_difference": 9.3733426576037e-10, "elapsed_seconds": 24.96}
{"completed": 21, "identity": "seed2/relu_active32", "selection_mse": 0.2047292023910374, "max_metric_difference": 8.036140780598444e-10, "elapsed_seconds": 26.18}
{"completed": 22, "identity": "seed2/signed_active32", "selection_mse": 0.2077683997167139, "max_metric_difference": 1.933199933468188e-09, "elapsed_seconds": 27.39}
{"completed": 23, "identity": "seed2/block_active32", "selection_mse": 0.22875580714020655, "max_metric_difference": 9.701840442133403e-10, "elapsed_seconds": 28.56}
{"completed": 24, "identity": "seed2/block_active32_temporal", "selection_mse": 0.22597462016611197, "max_metric_difference": 1.142986927327172e-09, "elapsed_seconds": 29.74}
{"completed": 25, "identity": "seed2/block_active32_temporal_shuffled", "selection_mse": 0.22526847661283528, "max_metric_difference": 1.1500422836263624e-09, "elapsed_seconds": 30.85}
{"completed": 26, "identity": "seed2/relu_active64", "selection_mse": 0.19294625902512025, "max_metric_difference": 1.3825783255067003e-07, "elapsed_seconds": 32.14}
{"completed": 27, "identity": "seed2/signed_active64", "selection_mse": 0.19419246217982766, "max_metric_difference": 8.946234443807377e-07, "elapsed_seconds": 33.37}
{"completed": 28, "identity": "seed2/block_active64", "selection_mse": 0.21934034572532182, "max_metric_difference": 1.0563574182054225e-09, "elapsed_seconds": 34.5}
{"completed": 29, "identity": "seed2/block_active64_temporal", "selection_mse": 0.21725960774246483, "max_metric_difference": 1.6368699728985803e-09, "elapsed_seconds": 35.6}
{"completed": 30, "identity": "seed2/block_active64_temporal_shuffled", "selection_mse": 0.21645195795828848, "max_metric_difference": 6.578171202198391e-10, "elapsed_seconds": 36.69}
{"status": "passed", "output": "/ccn2/u/ishaangp/mira-interp/results/feature_development_v1/sparse_audit.json", "sha256": "8f0c7fd1ce3c02503dff4f214c86da7be30b5022897a850a1e0c58604a5b2e54", "elapsed_seconds": 38.082}
