{"phase": "selection", "records_complete": 1, "record_id": "2026-05-09T10-15-51Z-b7fd20_clip00_seed2026090701_baseline_dose+0", "elapsed_seconds": 11.05}
{"phase": "selection", "records_complete": 2, "record_id": "2026-05-09T10-15-51Z-b7fd20_clip00_seed2026090701_probe_linear_dose-600", "elapsed_seconds": 18.14}
{"phase": "selection", "records_complete": 3, "record_id": "2026-05-09T10-15-51Z-b7fd20_clip00_seed2026090701_probe_linear_dose-300", "elapsed_seconds": 25.22}
{"phase": "selection", "records_complete": 4, "record_id": "2026-05-09T10-15-51Z-b7fd20_clip00_seed2026090701_probe_linear_dose+300", "elapsed_seconds": 32.32}
{"phase": "selection", "records_complete": 5, "record_id": "2026-05-09T10-15-51Z-b7fd20_clip00_seed2026090701_probe_linear_dose+600", "elapsed_seconds": 39.42}
{"phase": "selection", "records_complete": 6, "record_id": "2026-05-09T10-15-51Z-b7fd20_clip00_seed2026090701_affine_forward_dose-600", "elapsed_seconds": 46.51}
{"phase": "selection", "records_complete": 7, "record_id": "2026-05-09T10-15-51Z-b7fd20_clip00_seed2026090701_affine_forward_dose-300", "elapsed_seconds": 53.58}
{"phase": "selection", "records_complete": 8, "record_id": "2026-05-09T10-15-51Z-b7fd20_clip00_seed2026090701_affine_forward_dose+300", "elapsed_seconds": 60.71}
{"phase": "selection", "records_complete": 9, "record_id": "2026-05-09T10-15-51Z-b7fd20_clip00_seed2026090701_affine_forward_dose+600", "elapsed_seconds": 67.79}
{"phase": "selection", "records_complete": 10, "record_id": "2026-05-09T10-15-51Z-b7fd20_clip00_seed2026090701_quadratic_forward_dose-600", "elapsed_seconds": 74.87}
{"phase": "selection", "records_complete": 11, "record_id": "2026-05-09T10-15-51Z-b7fd20_clip00_seed2026090701_quadratic_forward_dose-300", "elapsed_seconds": 81.95}
{"phase": "selection", "records_complete": 12, "record_id": "2026-05-09T10-15-51Z-b7fd20_clip00_seed2026090701_quadratic_forward_dose+300", "elapsed_seconds": 89.01}
{"phase": "selection", "records_complete": 13, "record_id": "2026-05-09T10-15-51Z-b7fd20_clip00_seed2026090701_quadratic_forward_dose+600", "elapsed_seconds": 96.07}
{"phase": "selection", "records_complete": 14, "record_id": "2026-05-09T10-15-51Z-b7fd20_clip00_seed2026090701_random_norm_dose-600", "elapsed_seconds": 103.19}
{"phase": "selection", "records_complete": 15, "record_id": "2026-05-09T10-15-51Z-b7fd20_clip00_seed2026090701_random_norm_dose-300", "elapsed_seconds": 110.27}
{"phase": "selection", "records_complete": 16, "record_id": "2026-05-09T10-15-51Z-b7fd20_clip00_seed2026090701_random_norm_dose+300", "elapsed_seconds": 117.34}
{"phase": "selection", "records_complete": 17, "record_id": "2026-05-09T10-15-51Z-b7fd20_clip00_seed2026090701_random_norm_dose+600", "elapsed_seconds": 124.44}
{"phase": "selection", "records_complete": 18, "record_id": "2026-05-09T10-15-51Z-b7fd20_clip00_seed2026090701_wrong_variable_ball_x_dose-600", "elapsed_seconds": 131.54}
{"phase": "selection", "records_complete": 19, "record_id": "2026-05-09T10-15-51Z-b7fd20_clip00_seed2026090701_wrong_variable_ball_x_dose-300", "elapsed_seconds": 138.65}
{"phase": "selection", "records_complete": 20, "record_id": "2026-05-09T10-15-51Z-b7fd20_clip00_seed2026090701_wrong_variable_ball_x_dose+300", "elapsed_seconds": 145.78}
{"phase": "selection", "records_complete": 21, "record_id": "2026-05-09T10-15-51Z-b7fd20_clip00_seed2026090701_wrong_variable_ball_x_dose+600", "elapsed_seconds": 152.87}
{"phase": "selection", "records_complete": 22, "record_id": "2026-05-09T10-15-51Z-b7fd20_clip00_seed2026090702_baseline_dose+0", "elapsed_seconds": 159.97}
{"phase": "selection", "records_complete": 23, "record_id": "2026-05-09T10-15-51Z-b7fd20_clip00_seed2026090702_probe_linear_dose-600", "elapsed_seconds": 167.06}
{"phase": "selection", "records_complete": 24, "record_id": "2026-05-09T10-15-51Z-b7fd20_clip00_seed2026090702_probe_linear_dose-300", "elapsed_seconds": 174.19}
{"phase": "selection", "records_complete": 25, "record_id": "2026-05-09T10-15-51Z-b7fd20_clip00_seed2026090702_probe_linear_dose+300", "elapsed_seconds": 181.3}
{"phase": "selection", "records_complete": 26, "record_id": "2026-05-09T10-15-51Z-b7fd20_clip00_seed2026090702_probe_linear_dose+600", "elapsed_seconds": 188.44}
{"phase": "selection", "records_complete": 27, "record_id": "2026-05-09T10-15-51Z-b7fd20_clip00_seed2026090702_affine_forward_dose-600", "elapsed_seconds": 195.52}
{"phase": "selection", "records_complete": 28, "record_id": "2026-05-09T10-15-51Z-b7fd20_clip00_seed2026090702_affine_forward_dose-300", "elapsed_seconds": 202.6}
{"phase": "selection", "records_complete": 29, "record_id": "2026-05-09T10-15-51Z-b7fd20_clip00_seed2026090702_affine_forward_dose+300", "elapsed_seconds": 209.68}
{"phase": "selection", "records_complete": 30, "record_id": "2026-05-09T10-15-51Z-b7fd20_clip00_seed2026090702_affine_forward_dose+600", "elapsed_seconds": 216.78}
{"phase": "selection", "records_complete": 31, "record_id": "2026-05-09T10-15-51Z-b7fd20_clip00_seed2026090702_quadratic_forward_dose-600", "elapsed_seconds": 223.91}
{"phase": "selection", "records_complete": 32, "record_id": "2026-05-09T10-15-51Z-b7fd20_clip00_seed2026090702_quadratic_forward_dose-300", "elapsed_seconds": 230.99}
{"phase": "selection", "records_complete": 33, "record_id": "2026-05-09T10-15-51Z-b7fd20_clip00_seed2026090702_quadratic_forward_dose+300", "elapsed_seconds": 238.13}
{"phase": "selection", "records_complete": 34, "record_id": "2026-05-09T10-15-51Z-b7fd20_clip00_seed2026090702_quadratic_forward_dose+600", "elapsed_seconds": 245.21}
{"phase": "selection", "records_complete": 35, "record_id": "2026-05-09T10-15-51Z-b7fd20_clip00_seed2026090702_random_norm_dose-600", "elapsed_seconds": 252.31}
{"phase": "selection", "records_complete": 36, "record_id": "2026-05-09T10-15-51Z-b7fd20_clip00_seed2026090702_random_norm_dose-300", "elapsed_seconds": 259.39}
{"phase": "selection", "records_complete": 37, "record_id": "2026-05-09T10-15-51Z-b7fd20_clip00_seed2026090702_random_norm_dose+300", "elapsed_seconds": 266.47}
{"phase": "selection", "records_complete": 38, "record_id": "2026-05-09T10-15-51Z-b7fd20_clip00_seed2026090702_random_norm_dose+600", "elapsed_seconds": 273.62}
{"phase": "selection", "records_complete": 39, "record_id": "2026-05-09T10-15-51Z-b7fd20_clip00_seed2026090702_wrong_variable_ball_x_dose-600", "elapsed_seconds": 280.69}
{"phase": "selection", "records_complete": 40, "record_id": "2026-05-09T10-15-51Z-b7fd20_clip00_seed2026090702_wrong_variable_ball_x_dose-300", "elapsed_seconds": 287.78}
{"phase": "selection", "records_complete": 41, "record_id": "2026-05-09T10-15-51Z-b7fd20_clip00_seed2026090702_wrong_variable_ball_x_dose+300", "elapsed_seconds": 294.97}
{"phase": "selection", "records_complete": 42, "record_id": "2026-05-09T10-15-51Z-b7fd20_clip00_seed2026090702_wrong_variable_ball_x_dose+600", "elapsed_seconds": 302.07}
{"phase": "selection", "records_complete": 43, "record_id": "2026-05-10T23-26-14Z-67db4f_clip01_seed2026090701_baseline_dose+0", "elapsed_seconds": 309.85}
{"phase": "selection", "records_complete": 44, "record_id": "2026-05-10T23-26-14Z-67db4f_clip01_seed2026090701_probe_linear_dose-600", "elapsed_seconds": 316.97}
{"phase": "selection", "records_complete": 45, "record_id": "2026-05-10T23-26-14Z-67db4f_clip01_seed2026090701_probe_linear_dose-300", "elapsed_seconds": 323.92}
{"phase": "selection", "records_complete": 46, "record_id": "2026-05-10T23-26-14Z-67db4f_clip01_seed2026090701_probe_linear_dose+300", "elapsed_seconds": 330.91}
{"phase": "selection", "records_complete": 47, "record_id": "2026-05-10T23-26-14Z-67db4f_clip01_seed2026090701_probe_linear_dose+600", "elapsed_seconds": 337.93}
{"phase": "selection", "records_complete": 48, "record_id": "2026-05-10T23-26-14Z-67db4f_clip01_seed2026090701_affine_forward_dose-600", "elapsed_seconds": 344.92}
{"phase": "selection", "records_complete": 49, "record_id": "2026-05-10T23-26-14Z-67db4f_clip01_seed2026090701_affine_forward_dose-300", "elapsed_seconds": 351.96}
{"phase": "selection", "records_complete": 50, "record_id": "2026-05-10T23-26-14Z-67db4f_clip01_seed2026090701_affine_forward_dose+300", "elapsed_seconds": 358.93}
{"phase": "selection", "records_complete": 51, "record_id": "2026-05-10T23-26-14Z-67db4f_clip01_seed2026090701_affine_forward_dose+600", "elapsed_seconds": 365.89}
{"phase": "selection", "records_complete": 52, "record_id": "2026-05-10T23-26-14Z-67db4f_clip01_seed2026090701_quadratic_forward_dose-600", "elapsed_seconds": 372.93}
{"phase": "selection", "records_complete": 53, "record_id": "2026-05-10T23-26-14Z-67db4f_clip01_seed2026090701_quadratic_forward_dose-300", "elapsed_seconds": 379.88}
{"phase": "selection", "records_complete": 54, "record_id": "2026-05-10T23-26-14Z-67db4f_clip01_seed2026090701_quadratic_forward_dose+300", "elapsed_seconds": 386.88}
{"phase": "selection", "records_complete": 55, "record_id": "2026-05-10T23-26-14Z-67db4f_clip01_seed2026090701_quadratic_forward_dose+600", "elapsed_seconds": 393.85}
{"phase": "selection", "records_complete": 56, "record_id": "2026-05-10T23-26-14Z-67db4f_clip01_seed2026090701_random_norm_dose-600", "elapsed_seconds": 400.81}
{"phase": "selection", "records_complete": 57, "record_id": "2026-05-10T23-26-14Z-67db4f_clip01_seed2026090701_random_norm_dose-300", "elapsed_seconds": 407.78}
{"phase": "selection", "records_complete": 58, "record_id": "2026-05-10T23-26-14Z-67db4f_clip01_seed2026090701_random_norm_dose+300", "elapsed_seconds": 414.76}
{"phase": "selection", "records_complete": 59, "record_id": "2026-05-10T23-26-14Z-67db4f_clip01_seed2026090701_random_norm_dose+600", "elapsed_seconds": 421.77}
{"phase": "selection", "records_complete": 60, "record_id": "2026-05-10T23-26-14Z-67db4f_clip01_seed2026090701_wrong_variable_ball_x_dose-600", "elapsed_seconds": 428.73}
{"phase": "selection", "records_complete": 61, "record_id": "2026-05-10T23-26-14Z-67db4f_clip01_seed2026090701_wrong_variable_ball_x_dose-300", "elapsed_seconds": 435.68}
{"phase": "selection", "records_complete": 62, "record_id": "2026-05-10T23-26-14Z-67db4f_clip01_seed2026090701_wrong_variable_ball_x_dose+300", "elapsed_seconds": 442.67}
{"phase": "selection", "records_complete": 63, "record_id": "2026-05-10T23-26-14Z-67db4f_clip01_seed2026090701_wrong_variable_ball_x_dose+600", "elapsed_seconds": 449.64}
{"phase": "selection", "records_complete": 64, "record_id": "2026-05-10T23-26-14Z-67db4f_clip01_seed2026090702_baseline_dose+0", "elapsed_seconds": 456.63}
{"phase": "selection", "records_complete": 65, "record_id": "2026-05-10T23-26-14Z-67db4f_clip01_seed2026090702_probe_linear_dose-600", "elapsed_seconds": 463.62}
{"phase": "selection", "records_complete": 66, "record_id": "2026-05-10T23-26-14Z-67db4f_clip01_seed2026090702_probe_linear_dose-300", "elapsed_seconds": 470.64}
{"phase": "selection", "records_complete": 67, "record_id": "2026-05-10T23-26-14Z-67db4f_clip01_seed2026090702_probe_linear_dose+300", "elapsed_seconds": 477.68}
{"phase": "selection", "records_complete": 68, "record_id": "2026-05-10T23-26-14Z-67db4f_clip01_seed2026090702_probe_linear_dose+600", "elapsed_seconds": 484.67}
{"phase": "selection", "records_complete": 69, "record_id": "2026-05-10T23-26-14Z-67db4f_clip01_seed2026090702_affine_forward_dose-600", "elapsed_seconds": 491.72}
{"phase": "selection", "records_complete": 70, "record_id": "2026-05-10T23-26-14Z-67db4f_clip01_seed2026090702_affine_forward_dose-300", "elapsed_seconds": 498.69}
{"phase": "selection", "records_complete": 71, "record_id": "2026-05-10T23-26-14Z-67db4f_clip01_seed2026090702_affine_forward_dose+300", "elapsed_seconds": 505.65}
{"phase": "selection", "records_complete": 72, "record_id": "2026-05-10T23-26-14Z-67db4f_clip01_seed2026090702_affine_forward_dose+600", "elapsed_seconds": 512.66}
{"phase": "selection", "records_complete": 73, "record_id": "2026-05-10T23-26-14Z-67db4f_clip01_seed2026090702_quadratic_forward_dose-600", "elapsed_seconds": 519.7}
{"phase": "selection", "records_complete": 74, "record_id": "2026-05-10T23-26-14Z-67db4f_clip01_seed2026090702_quadratic_forward_dose-300", "elapsed_seconds": 526.65}
{"phase": "selection", "records_complete": 75, "record_id": "2026-05-10T23-26-14Z-67db4f_clip01_seed2026090702_quadratic_forward_dose+300", "elapsed_seconds": 533.63}
{"phase": "selection", "records_complete": 76, "record_id": "2026-05-10T23-26-14Z-67db4f_clip01_seed2026090702_quadratic_forward_dose+600", "elapsed_seconds": 540.62}
{"phase": "selection", "records_complete": 77, "record_id": "2026-05-10T23-26-14Z-67db4f_clip01_seed2026090702_random_norm_dose-600", "elapsed_seconds": 547.62}
{"phase": "selection", "records_complete": 78, "record_id": "2026-05-10T23-26-14Z-67db4f_clip01_seed2026090702_random_norm_dose-300", "elapsed_seconds": 554.62}
{"phase": "selection", "records_complete": 79, "record_id": "2026-05-10T23-26-14Z-67db4f_clip01_seed2026090702_random_norm_dose+300", "elapsed_seconds": 561.62}
{"phase": "selection", "records_complete": 80, "record_id": "2026-05-10T23-26-14Z-67db4f_clip01_seed2026090702_random_norm_dose+600", "elapsed_seconds": 568.65}
{"phase": "selection", "records_complete": 81, "record_id": "2026-05-10T23-26-14Z-67db4f_clip01_seed2026090702_wrong_variable_ball_x_dose-600", "elapsed_seconds": 575.63}
{"phase": "selection", "records_complete": 82, "record_id": "2026-05-10T23-26-14Z-67db4f_clip01_seed2026090702_wrong_variable_ball_x_dose-300", "elapsed_seconds": 582.6}
{"phase": "selection", "records_complete": 83, "record_id": "2026-05-10T23-26-14Z-67db4f_clip01_seed2026090702_wrong_variable_ball_x_dose+300", "elapsed_seconds": 589.59}
{"phase": "selection", "records_complete": 84, "record_id": "2026-05-10T23-26-14Z-67db4f_clip01_seed2026090702_wrong_variable_ball_x_dose+600", "elapsed_seconds": 596.66}
{"phase": "selection", "records_complete": 85, "record_id": "2026-05-14T22-34-33Z-a2015e_clip00_seed2026090701_baseline_dose+0", "elapsed_seconds": 604.49}
{"phase": "selection", "records_complete": 86, "record_id": "2026-05-14T22-34-33Z-a2015e_clip00_seed2026090701_probe_linear_dose-600", "elapsed_seconds": 611.52}
{"phase": "selection", "records_complete": 87, "record_id": "2026-05-14T22-34-33Z-a2015e_clip00_seed2026090701_probe_linear_dose-300", "elapsed_seconds": 618.55}
{"phase": "selection", "records_complete": 88, "record_id": "2026-05-14T22-34-33Z-a2015e_clip00_seed2026090701_probe_linear_dose+300", "elapsed_seconds": 625.55}
{"phase": "selection", "records_complete": 89, "record_id": "2026-05-14T22-34-33Z-a2015e_clip00_seed2026090701_probe_linear_dose+600", "elapsed_seconds": 632.6}
{"phase": "selection", "records_complete": 90, "record_id": "2026-05-14T22-34-33Z-a2015e_clip00_seed2026090701_affine_forward_dose-600", "elapsed_seconds": 639.6}
{"phase": "selection", "records_complete": 91, "record_id": "2026-05-14T22-34-33Z-a2015e_clip00_seed2026090701_affine_forward_dose-300", "elapsed_seconds": 646.73}
{"phase": "selection", "records_complete": 92, "record_id": "2026-05-14T22-34-33Z-a2015e_clip00_seed2026090701_affine_forward_dose+300", "elapsed_seconds": 653.8}
{"phase": "selection", "records_complete": 93, "record_id": "2026-05-14T22-34-33Z-a2015e_clip00_seed2026090701_affine_forward_dose+600", "elapsed_seconds": 660.81}
{"phase": "selection", "records_complete": 94, "record_id": "2026-05-14T22-34-33Z-a2015e_clip00_seed2026090701_quadratic_forward_dose-600", "elapsed_seconds": 667.86}
{"phase": "selection", "records_complete": 95, "record_id": "2026-05-14T22-34-33Z-a2015e_clip00_seed2026090701_quadratic_forward_dose-300", "elapsed_seconds": 674.89}
{"phase": "selection", "records_complete": 96, "record_id": "2026-05-14T22-34-33Z-a2015e_clip00_seed2026090701_quadratic_forward_dose+300", "elapsed_seconds": 681.91}
{"phase": "selection", "records_complete": 97, "record_id": "2026-05-14T22-34-33Z-a2015e_clip00_seed2026090701_quadratic_forward_dose+600", "elapsed_seconds": 688.97}
{"phase": "selection", "records_complete": 98, "record_id": "2026-05-14T22-34-33Z-a2015e_clip00_seed2026090701_random_norm_dose-600", "elapsed_seconds": 695.99}
{"phase": "selection", "records_complete": 99, "record_id": "2026-05-14T22-34-33Z-a2015e_clip00_seed2026090701_random_norm_dose-300", "elapsed_seconds": 703.01}
{"phase": "selection", "records_complete": 100, "record_id": "2026-05-14T22-34-33Z-a2015e_clip00_seed2026090701_random_norm_dose+300", "elapsed_seconds": 710.08}
{"phase": "selection", "records_complete": 101, "record_id": "2026-05-14T22-34-33Z-a2015e_clip00_seed2026090701_random_norm_dose+600", "elapsed_seconds": 717.09}
{"phase": "selection", "records_complete": 102, "record_id": "2026-05-14T22-34-33Z-a2015e_clip00_seed2026090701_wrong_variable_ball_x_dose-600", "elapsed_seconds": 724.15}
{"phase": "selection", "records_complete": 103, "record_id": "2026-05-14T22-34-33Z-a2015e_clip00_seed2026090701_wrong_variable_ball_x_dose-300", "elapsed_seconds": 731.16}
{"phase": "selection", "records_complete": 104, "record_id": "2026-05-14T22-34-33Z-a2015e_clip00_seed2026090701_wrong_variable_ball_x_dose+300", "elapsed_seconds": 738.18}
{"phase": "selection", "records_complete": 105, "record_id": "2026-05-14T22-34-33Z-a2015e_clip00_seed2026090701_wrong_variable_ball_x_dose+600", "elapsed_seconds": 745.22}
{"phase": "selection", "records_complete": 106, "record_id": "2026-05-14T22-34-33Z-a2015e_clip00_seed2026090702_baseline_dose+0", "elapsed_seconds": 752.23}
{"phase": "selection", "records_complete": 107, "record_id": "2026-05-14T22-34-33Z-a2015e_clip00_seed2026090702_probe_linear_dose-600", "elapsed_seconds": 759.29}
{"phase": "selection", "records_complete": 108, "record_id": "2026-05-14T22-34-33Z-a2015e_clip00_seed2026090702_probe_linear_dose-300", "elapsed_seconds": 766.33}
{"phase": "selection", "records_complete": 109, "record_id": "2026-05-14T22-34-33Z-a2015e_clip00_seed2026090702_probe_linear_dose+300", "elapsed_seconds": 773.36}
{"phase": "selection", "records_complete": 110, "record_id": "2026-05-14T22-34-33Z-a2015e_clip00_seed2026090702_probe_linear_dose+600", "elapsed_seconds": 780.39}
{"phase": "selection", "records_complete": 111, "record_id": "2026-05-14T22-34-33Z-a2015e_clip00_seed2026090702_affine_forward_dose-600", "elapsed_seconds": 787.54}
{"phase": "selection", "records_complete": 112, "record_id": "2026-05-14T22-34-33Z-a2015e_clip00_seed2026090702_affine_forward_dose-300", "elapsed_seconds": 794.66}
{"phase": "selection", "records_complete": 113, "record_id": "2026-05-14T22-34-33Z-a2015e_clip00_seed2026090702_affine_forward_dose+300", "elapsed_seconds": 801.7}
{"phase": "selection", "records_complete": 114, "record_id": "2026-05-14T22-34-33Z-a2015e_clip00_seed2026090702_affine_forward_dose+600", "elapsed_seconds": 808.69}
{"phase": "selection", "records_complete": 115, "record_id": "2026-05-14T22-34-33Z-a2015e_clip00_seed2026090702_quadratic_forward_dose-600", "elapsed_seconds": 815.84}
{"phase": "selection", "records_complete": 116, "record_id": "2026-05-14T22-34-33Z-a2015e_clip00_seed2026090702_quadratic_forward_dose-300", "elapsed_seconds": 822.86}
{"phase": "selection", "records_complete": 117, "record_id": "2026-05-14T22-34-33Z-a2015e_clip00_seed2026090702_quadratic_forward_dose+300", "elapsed_seconds": 829.88}
{"phase": "selection", "records_complete": 118, "record_id": "2026-05-14T22-34-33Z-a2015e_clip00_seed2026090702_quadratic_forward_dose+600", "elapsed_seconds": 837.01}
{"phase": "selection", "records_complete": 119, "record_id": "2026-05-14T22-34-33Z-a2015e_clip00_seed2026090702_random_norm_dose-600", "elapsed_seconds": 844.05}
{"phase": "selection", "records_complete": 120, "record_id": "2026-05-14T22-34-33Z-a2015e_clip00_seed2026090702_random_norm_dose-300", "elapsed_seconds": 851.17}
{"phase": "selection", "records_complete": 121, "record_id": "2026-05-14T22-34-33Z-a2015e_clip00_seed2026090702_random_norm_dose+300", "elapsed_seconds": 858.22}
{"phase": "selection", "records_complete": 122, "record_id": "2026-05-14T22-34-33Z-a2015e_clip00_seed2026090702_random_norm_dose+600", "elapsed_seconds": 865.25}
{"phase": "selection", "records_complete": 123, "record_id": "2026-05-14T22-34-33Z-a2015e_clip00_seed2026090702_wrong_variable_ball_x_dose-600", "elapsed_seconds": 872.26}
{"phase": "selection", "records_complete": 124, "record_id": "2026-05-14T22-34-33Z-a2015e_clip00_seed2026090702_wrong_variable_ball_x_dose-300", "elapsed_seconds": 879.39}
{"phase": "selection", "records_complete": 125, "record_id": "2026-05-14T22-34-33Z-a2015e_clip00_seed2026090702_wrong_variable_ball_x_dose+300", "elapsed_seconds": 886.46}
{"phase": "selection", "records_complete": 126, "record_id": "2026-05-14T22-34-33Z-a2015e_clip00_seed2026090702_wrong_variable_ball_x_dose+600", "elapsed_seconds": 893.52}
{"phase": "selection", "records_complete": 127, "record_id": "2026-05-29T18-15-24Z-2b37eb_clip00_seed2026090701_baseline_dose+0", "elapsed_seconds": 901.42}
{"phase": "selection", "records_complete": 128, "record_id": "2026-05-29T18-15-24Z-2b37eb_clip00_seed2026090701_probe_linear_dose-600", "elapsed_seconds": 908.55}
{"phase": "selection", "records_complete": 129, "record_id": "2026-05-29T18-15-24Z-2b37eb_clip00_seed2026090701_probe_linear_dose-300", "elapsed_seconds": 915.49}
{"phase": "selection", "records_complete": 130, "record_id": "2026-05-29T18-15-24Z-2b37eb_clip00_seed2026090701_probe_linear_dose+300", "elapsed_seconds": 922.6}
{"phase": "selection", "records_complete": 131, "record_id": "2026-05-29T18-15-24Z-2b37eb_clip00_seed2026090701_probe_linear_dose+600", "elapsed_seconds": 929.55}
{"phase": "selection", "records_complete": 132, "record_id": "2026-05-29T18-15-24Z-2b37eb_clip00_seed2026090701_affine_forward_dose-600", "elapsed_seconds": 936.62}
{"phase": "selection", "records_complete": 133, "record_id": "2026-05-29T18-15-24Z-2b37eb_clip00_seed2026090701_affine_forward_dose-300", "elapsed_seconds": 943.68}
{"phase": "selection", "records_complete": 134, "record_id": "2026-05-29T18-15-24Z-2b37eb_clip00_seed2026090701_affine_forward_dose+300", "elapsed_seconds": 950.65}
{"phase": "selection", "records_complete": 135, "record_id": "2026-05-29T18-15-24Z-2b37eb_clip00_seed2026090701_affine_forward_dose+600", "elapsed_seconds": 957.71}
{"phase": "selection", "records_complete": 136, "record_id": "2026-05-29T18-15-24Z-2b37eb_clip00_seed2026090701_quadratic_forward_dose-600", "elapsed_seconds": 964.81}
{"phase": "selection", "records_complete": 137, "record_id": "2026-05-29T18-15-24Z-2b37eb_clip00_seed2026090701_quadratic_forward_dose-300", "elapsed_seconds": 971.87}
{"phase": "selection", "records_complete": 138, "record_id": "2026-05-29T18-15-24Z-2b37eb_clip00_seed2026090701_quadratic_forward_dose+300", "elapsed_seconds": 978.96}
{"phase": "selection", "records_complete": 139, "record_id": "2026-05-29T18-15-24Z-2b37eb_clip00_seed2026090701_quadratic_forward_dose+600", "elapsed_seconds": 985.9}
{"phase": "selection", "records_complete": 140, "record_id": "2026-05-29T18-15-24Z-2b37eb_clip00_seed2026090701_random_norm_dose-600", "elapsed_seconds": 992.85}
{"phase": "selection", "records_complete": 141, "record_id": "2026-05-29T18-15-24Z-2b37eb_clip00_seed2026090701_random_norm_dose-300", "elapsed_seconds": 999.9}
{"phase": "selection", "records_complete": 142, "record_id": "2026-05-29T18-15-24Z-2b37eb_clip00_seed2026090701_random_norm_dose+300", "elapsed_seconds": 1006.97}
{"phase": "selection", "records_complete": 143, "record_id": "2026-05-29T18-15-24Z-2b37eb_clip00_seed2026090701_random_norm_dose+600", "elapsed_seconds": 1014.04}
{"phase": "selection", "records_complete": 144, "record_id": "2026-05-29T18-15-24Z-2b37eb_clip00_seed2026090701_wrong_variable_ball_x_dose-600", "elapsed_seconds": 1021.11}
{"phase": "selection", "records_complete": 145, "record_id": "2026-05-29T18-15-24Z-2b37eb_clip00_seed2026090701_wrong_variable_ball_x_dose-300", "elapsed_seconds": 1028.17}
{"phase": "selection", "records_complete": 146, "record_id": "2026-05-29T18-15-24Z-2b37eb_clip00_seed2026090701_wrong_variable_ball_x_dose+300", "elapsed_seconds": 1035.15}
{"phase": "selection", "records_complete": 147, "record_id": "2026-05-29T18-15-24Z-2b37eb_clip00_seed2026090701_wrong_variable_ball_x_dose+600", "elapsed_seconds": 1042.22}
{"phase": "selection", "records_complete": 148, "record_id": "2026-05-29T18-15-24Z-2b37eb_clip00_seed2026090702_baseline_dose+0", "elapsed_seconds": 1049.29}
{"phase": "selection", "records_complete": 149, "record_id": "2026-05-29T18-15-24Z-2b37eb_clip00_seed2026090702_probe_linear_dose-600", "elapsed_seconds": 1056.34}
{"phase": "selection", "records_complete": 150, "record_id": "2026-05-29T18-15-24Z-2b37eb_clip00_seed2026090702_probe_linear_dose-300", "elapsed_seconds": 1063.41}
{"phase": "selection", "records_complete": 151, "record_id": "2026-05-29T18-15-24Z-2b37eb_clip00_seed2026090702_probe_linear_dose+300", "elapsed_seconds": 1070.48}
{"phase": "selection", "records_complete": 152, "record_id": "2026-05-29T18-15-24Z-2b37eb_clip00_seed2026090702_probe_linear_dose+600", "elapsed_seconds": 1077.6}
{"phase": "selection", "records_complete": 153, "record_id": "2026-05-29T18-15-24Z-2b37eb_clip00_seed2026090702_affine_forward_dose-600", "elapsed_seconds": 1084.66}
{"phase": "selection", "records_complete": 154, "record_id": "2026-05-29T18-15-24Z-2b37eb_clip00_seed2026090702_affine_forward_dose-300", "elapsed_seconds": 1091.72}
{"phase": "selection", "records_complete": 155, "record_id": "2026-05-29T18-15-24Z-2b37eb_clip00_seed2026090702_affine_forward_dose+300", "elapsed_seconds": 1098.77}
{"phase": "selection", "records_complete": 156, "record_id": "2026-05-29T18-15-24Z-2b37eb_clip00_seed2026090702_affine_forward_dose+600", "elapsed_seconds": 1105.84}
{"phase": "selection", "records_complete": 157, "record_id": "2026-05-29T18-15-24Z-2b37eb_clip00_seed2026090702_quadratic_forward_dose-600", "elapsed_seconds": 1112.9}
{"phase": "selection", "records_complete": 158, "record_id": "2026-05-29T18-15-24Z-2b37eb_clip00_seed2026090702_quadratic_forward_dose-300", "elapsed_seconds": 1119.97}
{"phase": "selection", "records_complete": 159, "record_id": "2026-05-29T18-15-24Z-2b37eb_clip00_seed2026090702_quadratic_forward_dose+300", "elapsed_seconds": 1127.03}
{"phase": "selection", "records_complete": 160, "record_id": "2026-05-29T18-15-24Z-2b37eb_clip00_seed2026090702_quadratic_forward_dose+600", "elapsed_seconds": 1134.1}
{"phase": "selection", "records_complete": 161, "record_id": "2026-05-29T18-15-24Z-2b37eb_clip00_seed2026090702_random_norm_dose-600", "elapsed_seconds": 1141.18}
{"phase": "selection", "records_complete": 162, "record_id": "2026-05-29T18-15-24Z-2b37eb_clip00_seed2026090702_random_norm_dose-300", "elapsed_seconds": 1148.25}
{"phase": "selection", "records_complete": 163, "record_id": "2026-05-29T18-15-24Z-2b37eb_clip00_seed2026090702_random_norm_dose+300", "elapsed_seconds": 1155.33}
{"phase": "selection", "records_complete": 164, "record_id": "2026-05-29T18-15-24Z-2b37eb_clip00_seed2026090702_random_norm_dose+600", "elapsed_seconds": 1162.4}
{"phase": "selection", "records_complete": 165, "record_id": "2026-05-29T18-15-24Z-2b37eb_clip00_seed2026090702_wrong_variable_ball_x_dose-600", "elapsed_seconds": 1169.46}
{"phase": "selection", "records_complete": 166, "record_id": "2026-05-29T18-15-24Z-2b37eb_clip00_seed2026090702_wrong_variable_ball_x_dose-300", "elapsed_seconds": 1176.51}
{"phase": "selection", "records_complete": 167, "record_id": "2026-05-29T18-15-24Z-2b37eb_clip00_seed2026090702_wrong_variable_ball_x_dose+300", "elapsed_seconds": 1183.58}
{"phase": "selection", "records_complete": 168, "record_id": "2026-05-29T18-15-24Z-2b37eb_clip00_seed2026090702_wrong_variable_ball_x_dose+600", "elapsed_seconds": 1190.65}
{"phase": "selection", "records_complete": 169, "record_id": "2026-05-29T21-26-09Z-fa4c61_clip00_seed2026090701_baseline_dose+0", "elapsed_seconds": 1198.52}
{"phase": "selection", "records_complete": 170, "record_id": "2026-05-29T21-26-09Z-fa4c61_clip00_seed2026090701_probe_linear_dose-600", "elapsed_seconds": 1205.58}
{"phase": "selection", "records_complete": 171, "record_id": "2026-05-29T21-26-09Z-fa4c61_clip00_seed2026090701_probe_linear_dose-300", "elapsed_seconds": 1212.65}
{"phase": "selection", "records_complete": 172, "record_id": "2026-05-29T21-26-09Z-fa4c61_clip00_seed2026090701_probe_linear_dose+300", "elapsed_seconds": 1219.71}
{"phase": "selection", "records_complete": 173, "record_id": "2026-05-29T21-26-09Z-fa4c61_clip00_seed2026090701_probe_linear_dose+600", "elapsed_seconds": 1226.81}
{"phase": "selection", "records_complete": 174, "record_id": "2026-05-29T21-26-09Z-fa4c61_clip00_seed2026090701_affine_forward_dose-600", "elapsed_seconds": 1233.88}
{"phase": "selection", "records_complete": 175, "record_id": "2026-05-29T21-26-09Z-fa4c61_clip00_seed2026090701_affine_forward_dose-300", "elapsed_seconds": 1240.92}
{"phase": "selection", "records_complete": 176, "record_id": "2026-05-29T21-26-09Z-fa4c61_clip00_seed2026090701_affine_forward_dose+300", "elapsed_seconds": 1247.97}
{"phase": "selection", "records_complete": 177, "record_id": "2026-05-29T21-26-09Z-fa4c61_clip00_seed2026090701_affine_forward_dose+600", "elapsed_seconds": 1255.02}
{"phase": "selection", "records_complete": 178, "record_id": "2026-05-29T21-26-09Z-fa4c61_clip00_seed2026090701_quadratic_forward_dose-600", "elapsed_seconds": 1262.08}
{"phase": "selection", "records_complete": 179, "record_id": "2026-05-29T21-26-09Z-fa4c61_clip00_seed2026090701_quadratic_forward_dose-300", "elapsed_seconds": 1269.14}
{"phase": "selection", "records_complete": 180, "record_id": "2026-05-29T21-26-09Z-fa4c61_clip00_seed2026090701_quadratic_forward_dose+300", "elapsed_seconds": 1276.22}
{"phase": "selection", "records_complete": 181, "record_id": "2026-05-29T21-26-09Z-fa4c61_clip00_seed2026090701_quadratic_forward_dose+600", "elapsed_seconds": 1283.28}
{"phase": "selection", "records_complete": 182, "record_id": "2026-05-29T21-26-09Z-fa4c61_clip00_seed2026090701_random_norm_dose-600", "elapsed_seconds": 1290.33}
{"phase": "selection", "records_complete": 183, "record_id": "2026-05-29T21-26-09Z-fa4c61_clip00_seed2026090701_random_norm_dose-300", "elapsed_seconds": 1297.37}
{"phase": "selection", "records_complete": 184, "record_id": "2026-05-29T21-26-09Z-fa4c61_clip00_seed2026090701_random_norm_dose+300", "elapsed_seconds": 1304.43}
{"phase": "selection", "records_complete": 185, "record_id": "2026-05-29T21-26-09Z-fa4c61_clip00_seed2026090701_random_norm_dose+600", "elapsed_seconds": 1311.49}
{"phase": "selection", "records_complete": 186, "record_id": "2026-05-29T21-26-09Z-fa4c61_clip00_seed2026090701_wrong_variable_ball_x_dose-600", "elapsed_seconds": 1318.55}
{"phase": "selection", "records_complete": 187, "record_id": "2026-05-29T21-26-09Z-fa4c61_clip00_seed2026090701_wrong_variable_ball_x_dose-300", "elapsed_seconds": 1325.6}
{"phase": "selection", "records_complete": 188, "record_id": "2026-05-29T21-26-09Z-fa4c61_clip00_seed2026090701_wrong_variable_ball_x_dose+300", "elapsed_seconds": 1332.63}
{"phase": "selection", "records_complete": 189, "record_id": "2026-05-29T21-26-09Z-fa4c61_clip00_seed2026090701_wrong_variable_ball_x_dose+600", "elapsed_seconds": 1339.67}
{"phase": "selection", "records_complete": 190, "record_id": "2026-05-29T21-26-09Z-fa4c61_clip00_seed2026090702_baseline_dose+0", "elapsed_seconds": 1346.7}
{"phase": "selection", "records_complete": 191, "record_id": "2026-05-29T21-26-09Z-fa4c61_clip00_seed2026090702_probe_linear_dose-600", "elapsed_seconds": 1353.75}
{"phase": "selection", "records_complete": 192, "record_id": "2026-05-29T21-26-09Z-fa4c61_clip00_seed2026090702_probe_linear_dose-300", "elapsed_seconds": 1360.8}
{"phase": "selection", "records_complete": 193, "record_id": "2026-05-29T21-26-09Z-fa4c61_clip00_seed2026090702_probe_linear_dose+300", "elapsed_seconds": 1367.86}
{"phase": "selection", "records_complete": 194, "record_id": "2026-05-29T21-26-09Z-fa4c61_clip00_seed2026090702_probe_linear_dose+600", "elapsed_seconds": 1374.93}
{"phase": "selection", "records_complete": 195, "record_id": "2026-05-29T21-26-09Z-fa4c61_clip00_seed2026090702_affine_forward_dose-600", "elapsed_seconds": 1381.97}
{"phase": "selection", "records_complete": 196, "record_id": "2026-05-29T21-26-09Z-fa4c61_clip00_seed2026090702_affine_forward_dose-300", "elapsed_seconds": 1389.01}
{"phase": "selection", "records_complete": 197, "record_id": "2026-05-29T21-26-09Z-fa4c61_clip00_seed2026090702_affine_forward_dose+300", "elapsed_seconds": 1396.09}
{"phase": "selection", "records_complete": 198, "record_id": "2026-05-29T21-26-09Z-fa4c61_clip00_seed2026090702_affine_forward_dose+600", "elapsed_seconds": 1403.14}
{"phase": "selection", "records_complete": 199, "record_id": "2026-05-29T21-26-09Z-fa4c61_clip00_seed2026090702_quadratic_forward_dose-600", "elapsed_seconds": 1410.19}
{"phase": "selection", "records_complete": 200, "record_id": "2026-05-29T21-26-09Z-fa4c61_clip00_seed2026090702_quadratic_forward_dose-300", "elapsed_seconds": 1417.31}
{"phase": "selection", "records_complete": 201, "record_id": "2026-05-29T21-26-09Z-fa4c61_clip00_seed2026090702_quadratic_forward_dose+300", "elapsed_seconds": 1424.36}
{"phase": "selection", "records_complete": 202, "record_id": "2026-05-29T21-26-09Z-fa4c61_clip00_seed2026090702_quadratic_forward_dose+600", "elapsed_seconds": 1431.42}
{"phase": "selection", "records_complete": 203, "record_id": "2026-05-29T21-26-09Z-fa4c61_clip00_seed2026090702_random_norm_dose-600", "elapsed_seconds": 1438.62}
{"phase": "selection", "records_complete": 204, "record_id": "2026-05-29T21-26-09Z-fa4c61_clip00_seed2026090702_random_norm_dose-300", "elapsed_seconds": 1445.71}
{"phase": "selection", "records_complete": 205, "record_id": "2026-05-29T21-26-09Z-fa4c61_clip00_seed2026090702_random_norm_dose+300", "elapsed_seconds": 1452.76}
{"phase": "selection", "records_complete": 206, "record_id": "2026-05-29T21-26-09Z-fa4c61_clip00_seed2026090702_random_norm_dose+600", "elapsed_seconds": 1459.81}
{"phase": "selection", "records_complete": 207, "record_id": "2026-05-29T21-26-09Z-fa4c61_clip00_seed2026090702_wrong_variable_ball_x_dose-600", "elapsed_seconds": 1466.86}
{"phase": "selection", "records_complete": 208, "record_id": "2026-05-29T21-26-09Z-fa4c61_clip00_seed2026090702_wrong_variable_ball_x_dose-300", "elapsed_seconds": 1473.92}
{"phase": "selection", "records_complete": 209, "record_id": "2026-05-29T21-26-09Z-fa4c61_clip00_seed2026090702_wrong_variable_ball_x_dose+300", "elapsed_seconds": 1480.97}
{"phase": "selection", "records_complete": 210, "record_id": "2026-05-29T21-26-09Z-fa4c61_clip00_seed2026090702_wrong_variable_ball_x_dose+600", "elapsed_seconds": 1488.02}
Completed rollout selection; independent generated-video evaluation remains separate.
