{"phase": "selection", "records_complete": 1, "record_id": "2026-05-10T09-50-31Z-8f49f2_clip00_seed2026090701_baseline_dose+0", "elapsed_seconds": 11.11}
{"phase": "selection", "records_complete": 2, "record_id": "2026-05-10T09-50-31Z-8f49f2_clip00_seed2026090701_probe_linear_dose-600", "elapsed_seconds": 18.1}
{"phase": "selection", "records_complete": 3, "record_id": "2026-05-10T09-50-31Z-8f49f2_clip00_seed2026090701_probe_linear_dose-300", "elapsed_seconds": 25.07}
{"phase": "selection", "records_complete": 4, "record_id": "2026-05-10T09-50-31Z-8f49f2_clip00_seed2026090701_probe_linear_dose+300", "elapsed_seconds": 32.05}
{"phase": "selection", "records_complete": 5, "record_id": "2026-05-10T09-50-31Z-8f49f2_clip00_seed2026090701_probe_linear_dose+600", "elapsed_seconds": 39.03}
{"phase": "selection", "records_complete": 6, "record_id": "2026-05-10T09-50-31Z-8f49f2_clip00_seed2026090701_affine_forward_dose-600", "elapsed_seconds": 46.05}
{"phase": "selection", "records_complete": 7, "record_id": "2026-05-10T09-50-31Z-8f49f2_clip00_seed2026090701_affine_forward_dose-300", "elapsed_seconds": 53.06}
{"phase": "selection", "records_complete": 8, "record_id": "2026-05-10T09-50-31Z-8f49f2_clip00_seed2026090701_affine_forward_dose+300", "elapsed_seconds": 60.08}
{"phase": "selection", "records_complete": 9, "record_id": "2026-05-10T09-50-31Z-8f49f2_clip00_seed2026090701_affine_forward_dose+600", "elapsed_seconds": 67.07}
{"phase": "selection", "records_complete": 10, "record_id": "2026-05-10T09-50-31Z-8f49f2_clip00_seed2026090701_quadratic_forward_dose-600", "elapsed_seconds": 74.07}
{"phase": "selection", "records_complete": 11, "record_id": "2026-05-10T09-50-31Z-8f49f2_clip00_seed2026090701_quadratic_forward_dose-300", "elapsed_seconds": 81.07}
{"phase": "selection", "records_complete": 12, "record_id": "2026-05-10T09-50-31Z-8f49f2_clip00_seed2026090701_quadratic_forward_dose+300", "elapsed_seconds": 88.05}
{"phase": "selection", "records_complete": 13, "record_id": "2026-05-10T09-50-31Z-8f49f2_clip00_seed2026090701_quadratic_forward_dose+600", "elapsed_seconds": 95.04}
{"phase": "selection", "records_complete": 14, "record_id": "2026-05-10T09-50-31Z-8f49f2_clip00_seed2026090701_random_norm_dose-600", "elapsed_seconds": 102.04}
{"phase": "selection", "records_complete": 15, "record_id": "2026-05-10T09-50-31Z-8f49f2_clip00_seed2026090701_random_norm_dose-300", "elapsed_seconds": 109.06}
{"phase": "selection", "records_complete": 16, "record_id": "2026-05-10T09-50-31Z-8f49f2_clip00_seed2026090701_random_norm_dose+300", "elapsed_seconds": 116.08}
{"phase": "selection", "records_complete": 17, "record_id": "2026-05-10T09-50-31Z-8f49f2_clip00_seed2026090701_random_norm_dose+600", "elapsed_seconds": 123.07}
{"phase": "selection", "records_complete": 18, "record_id": "2026-05-10T09-50-31Z-8f49f2_clip00_seed2026090701_wrong_variable_ball_x_dose-600", "elapsed_seconds": 130.08}
{"phase": "selection", "records_complete": 19, "record_id": "2026-05-10T09-50-31Z-8f49f2_clip00_seed2026090701_wrong_variable_ball_x_dose-300", "elapsed_seconds": 137.07}
{"phase": "selection", "records_complete": 20, "record_id": "2026-05-10T09-50-31Z-8f49f2_clip00_seed2026090701_wrong_variable_ball_x_dose+300", "elapsed_seconds": 144.05}
{"phase": "selection", "records_complete": 21, "record_id": "2026-05-10T09-50-31Z-8f49f2_clip00_seed2026090701_wrong_variable_ball_x_dose+600", "elapsed_seconds": 151.04}
{"phase": "selection", "records_complete": 22, "record_id": "2026-05-10T09-50-31Z-8f49f2_clip00_seed2026090702_baseline_dose+0", "elapsed_seconds": 158.03}
{"phase": "selection", "records_complete": 23, "record_id": "2026-05-10T09-50-31Z-8f49f2_clip00_seed2026090702_probe_linear_dose-600", "elapsed_seconds": 165.04}
{"phase": "selection", "records_complete": 24, "record_id": "2026-05-10T09-50-31Z-8f49f2_clip00_seed2026090702_probe_linear_dose-300", "elapsed_seconds": 172.04}
{"phase": "selection", "records_complete": 25, "record_id": "2026-05-10T09-50-31Z-8f49f2_clip00_seed2026090702_probe_linear_dose+300", "elapsed_seconds": 179.02}
{"phase": "selection", "records_complete": 26, "record_id": "2026-05-10T09-50-31Z-8f49f2_clip00_seed2026090702_probe_linear_dose+600", "elapsed_seconds": 186.03}
{"phase": "selection", "records_complete": 27, "record_id": "2026-05-10T09-50-31Z-8f49f2_clip00_seed2026090702_affine_forward_dose-600", "elapsed_seconds": 193.01}
{"phase": "selection", "records_complete": 28, "record_id": "2026-05-10T09-50-31Z-8f49f2_clip00_seed2026090702_affine_forward_dose-300", "elapsed_seconds": 200.0}
{"phase": "selection", "records_complete": 29, "record_id": "2026-05-10T09-50-31Z-8f49f2_clip00_seed2026090702_affine_forward_dose+300", "elapsed_seconds": 206.98}
{"phase": "selection", "records_complete": 30, "record_id": "2026-05-10T09-50-31Z-8f49f2_clip00_seed2026090702_affine_forward_dose+600", "elapsed_seconds": 213.99}
{"phase": "selection", "records_complete": 31, "record_id": "2026-05-10T09-50-31Z-8f49f2_clip00_seed2026090702_quadratic_forward_dose-600", "elapsed_seconds": 221.0}
{"phase": "selection", "records_complete": 32, "record_id": "2026-05-10T09-50-31Z-8f49f2_clip00_seed2026090702_quadratic_forward_dose-300", "elapsed_seconds": 228.0}
{"phase": "selection", "records_complete": 33, "record_id": "2026-05-10T09-50-31Z-8f49f2_clip00_seed2026090702_quadratic_forward_dose+300", "elapsed_seconds": 234.99}
{"phase": "selection", "records_complete": 34, "record_id": "2026-05-10T09-50-31Z-8f49f2_clip00_seed2026090702_quadratic_forward_dose+600", "elapsed_seconds": 241.98}
{"phase": "selection", "records_complete": 35, "record_id": "2026-05-10T09-50-31Z-8f49f2_clip00_seed2026090702_random_norm_dose-600", "elapsed_seconds": 248.97}
{"phase": "selection", "records_complete": 36, "record_id": "2026-05-10T09-50-31Z-8f49f2_clip00_seed2026090702_random_norm_dose-300", "elapsed_seconds": 255.97}
{"phase": "selection", "records_complete": 37, "record_id": "2026-05-10T09-50-31Z-8f49f2_clip00_seed2026090702_random_norm_dose+300", "elapsed_seconds": 262.97}
{"phase": "selection", "records_complete": 38, "record_id": "2026-05-10T09-50-31Z-8f49f2_clip00_seed2026090702_random_norm_dose+600", "elapsed_seconds": 270.0}
{"phase": "selection", "records_complete": 39, "record_id": "2026-05-10T09-50-31Z-8f49f2_clip00_seed2026090702_wrong_variable_ball_x_dose-600", "elapsed_seconds": 276.99}
{"phase": "selection", "records_complete": 40, "record_id": "2026-05-10T09-50-31Z-8f49f2_clip00_seed2026090702_wrong_variable_ball_x_dose-300", "elapsed_seconds": 283.99}
{"phase": "selection", "records_complete": 41, "record_id": "2026-05-10T09-50-31Z-8f49f2_clip00_seed2026090702_wrong_variable_ball_x_dose+300", "elapsed_seconds": 290.98}
{"phase": "selection", "records_complete": 42, "record_id": "2026-05-10T09-50-31Z-8f49f2_clip00_seed2026090702_wrong_variable_ball_x_dose+600", "elapsed_seconds": 297.97}
{"phase": "selection", "records_complete": 43, "record_id": "2026-05-14T03-11-22Z-090bf8_clip00_seed2026090701_baseline_dose+0", "elapsed_seconds": 305.69}
{"phase": "selection", "records_complete": 44, "record_id": "2026-05-14T03-11-22Z-090bf8_clip00_seed2026090701_probe_linear_dose-600", "elapsed_seconds": 312.64}
{"phase": "selection", "records_complete": 45, "record_id": "2026-05-14T03-11-22Z-090bf8_clip00_seed2026090701_probe_linear_dose-300", "elapsed_seconds": 319.6}
{"phase": "selection", "records_complete": 46, "record_id": "2026-05-14T03-11-22Z-090bf8_clip00_seed2026090701_probe_linear_dose+300", "elapsed_seconds": 326.54}
{"phase": "selection", "records_complete": 47, "record_id": "2026-05-14T03-11-22Z-090bf8_clip00_seed2026090701_probe_linear_dose+600", "elapsed_seconds": 333.64}
{"phase": "selection", "records_complete": 48, "record_id": "2026-05-14T03-11-22Z-090bf8_clip00_seed2026090701_affine_forward_dose-600", "elapsed_seconds": 340.57}
{"phase": "selection", "records_complete": 49, "record_id": "2026-05-14T03-11-22Z-090bf8_clip00_seed2026090701_affine_forward_dose-300", "elapsed_seconds": 347.51}
{"phase": "selection", "records_complete": 50, "record_id": "2026-05-14T03-11-22Z-090bf8_clip00_seed2026090701_affine_forward_dose+300", "elapsed_seconds": 354.44}
{"phase": "selection", "records_complete": 51, "record_id": "2026-05-14T03-11-22Z-090bf8_clip00_seed2026090701_affine_forward_dose+600", "elapsed_seconds": 361.38}
{"phase": "selection", "records_complete": 52, "record_id": "2026-05-14T03-11-22Z-090bf8_clip00_seed2026090701_quadratic_forward_dose-600", "elapsed_seconds": 368.33}
{"phase": "selection", "records_complete": 53, "record_id": "2026-05-14T03-11-22Z-090bf8_clip00_seed2026090701_quadratic_forward_dose-300", "elapsed_seconds": 375.28}
{"phase": "selection", "records_complete": 54, "record_id": "2026-05-14T03-11-22Z-090bf8_clip00_seed2026090701_quadratic_forward_dose+300", "elapsed_seconds": 382.24}
{"phase": "selection", "records_complete": 55, "record_id": "2026-05-14T03-11-22Z-090bf8_clip00_seed2026090701_quadratic_forward_dose+600", "elapsed_seconds": 389.19}
{"phase": "selection", "records_complete": 56, "record_id": "2026-05-14T03-11-22Z-090bf8_clip00_seed2026090701_random_norm_dose-600", "elapsed_seconds": 396.14}
{"phase": "selection", "records_complete": 57, "record_id": "2026-05-14T03-11-22Z-090bf8_clip00_seed2026090701_random_norm_dose-300", "elapsed_seconds": 403.09}
{"phase": "selection", "records_complete": 58, "record_id": "2026-05-14T03-11-22Z-090bf8_clip00_seed2026090701_random_norm_dose+300", "elapsed_seconds": 410.02}
{"phase": "selection", "records_complete": 59, "record_id": "2026-05-14T03-11-22Z-090bf8_clip00_seed2026090701_random_norm_dose+600", "elapsed_seconds": 416.97}
{"phase": "selection", "records_complete": 60, "record_id": "2026-05-14T03-11-22Z-090bf8_clip00_seed2026090701_wrong_variable_ball_x_dose-600", "elapsed_seconds": 423.91}
{"phase": "selection", "records_complete": 61, "record_id": "2026-05-14T03-11-22Z-090bf8_clip00_seed2026090701_wrong_variable_ball_x_dose-300", "elapsed_seconds": 430.85}
{"phase": "selection", "records_complete": 62, "record_id": "2026-05-14T03-11-22Z-090bf8_clip00_seed2026090701_wrong_variable_ball_x_dose+300", "elapsed_seconds": 437.79}
{"phase": "selection", "records_complete": 63, "record_id": "2026-05-14T03-11-22Z-090bf8_clip00_seed2026090701_wrong_variable_ball_x_dose+600", "elapsed_seconds": 444.74}
{"phase": "selection", "records_complete": 64, "record_id": "2026-05-14T03-11-22Z-090bf8_clip00_seed2026090702_baseline_dose+0", "elapsed_seconds": 451.67}
{"phase": "selection", "records_complete": 65, "record_id": "2026-05-14T03-11-22Z-090bf8_clip00_seed2026090702_probe_linear_dose-600", "elapsed_seconds": 458.6}
{"phase": "selection", "records_complete": 66, "record_id": "2026-05-14T03-11-22Z-090bf8_clip00_seed2026090702_probe_linear_dose-300", "elapsed_seconds": 465.54}
{"phase": "selection", "records_complete": 67, "record_id": "2026-05-14T03-11-22Z-090bf8_clip00_seed2026090702_probe_linear_dose+300", "elapsed_seconds": 472.52}
{"phase": "selection", "records_complete": 68, "record_id": "2026-05-14T03-11-22Z-090bf8_clip00_seed2026090702_probe_linear_dose+600", "elapsed_seconds": 479.46}
{"phase": "selection", "records_complete": 69, "record_id": "2026-05-14T03-11-22Z-090bf8_clip00_seed2026090702_affine_forward_dose-600", "elapsed_seconds": 486.4}
{"phase": "selection", "records_complete": 70, "record_id": "2026-05-14T03-11-22Z-090bf8_clip00_seed2026090702_affine_forward_dose-300", "elapsed_seconds": 493.34}
{"phase": "selection", "records_complete": 71, "record_id": "2026-05-14T03-11-22Z-090bf8_clip00_seed2026090702_affine_forward_dose+300", "elapsed_seconds": 500.26}
{"phase": "selection", "records_complete": 72, "record_id": "2026-05-14T03-11-22Z-090bf8_clip00_seed2026090702_affine_forward_dose+600", "elapsed_seconds": 507.19}
{"phase": "selection", "records_complete": 73, "record_id": "2026-05-14T03-11-22Z-090bf8_clip00_seed2026090702_quadratic_forward_dose-600", "elapsed_seconds": 514.13}
{"phase": "selection", "records_complete": 74, "record_id": "2026-05-14T03-11-22Z-090bf8_clip00_seed2026090702_quadratic_forward_dose-300", "elapsed_seconds": 521.07}
{"phase": "selection", "records_complete": 75, "record_id": "2026-05-14T03-11-22Z-090bf8_clip00_seed2026090702_quadratic_forward_dose+300", "elapsed_seconds": 528.01}
{"phase": "selection", "records_complete": 76, "record_id": "2026-05-14T03-11-22Z-090bf8_clip00_seed2026090702_quadratic_forward_dose+600", "elapsed_seconds": 534.95}
{"phase": "selection", "records_complete": 77, "record_id": "2026-05-14T03-11-22Z-090bf8_clip00_seed2026090702_random_norm_dose-600", "elapsed_seconds": 541.88}
{"phase": "selection", "records_complete": 78, "record_id": "2026-05-14T03-11-22Z-090bf8_clip00_seed2026090702_random_norm_dose-300", "elapsed_seconds": 548.81}
{"phase": "selection", "records_complete": 79, "record_id": "2026-05-14T03-11-22Z-090bf8_clip00_seed2026090702_random_norm_dose+300", "elapsed_seconds": 555.74}
{"phase": "selection", "records_complete": 80, "record_id": "2026-05-14T03-11-22Z-090bf8_clip00_seed2026090702_random_norm_dose+600", "elapsed_seconds": 562.67}
{"phase": "selection", "records_complete": 81, "record_id": "2026-05-14T03-11-22Z-090bf8_clip00_seed2026090702_wrong_variable_ball_x_dose-600", "elapsed_seconds": 569.61}
{"phase": "selection", "records_complete": 82, "record_id": "2026-05-14T03-11-22Z-090bf8_clip00_seed2026090702_wrong_variable_ball_x_dose-300", "elapsed_seconds": 576.57}
{"phase": "selection", "records_complete": 83, "record_id": "2026-05-14T03-11-22Z-090bf8_clip00_seed2026090702_wrong_variable_ball_x_dose+300", "elapsed_seconds": 583.51}
{"phase": "selection", "records_complete": 84, "record_id": "2026-05-14T03-11-22Z-090bf8_clip00_seed2026090702_wrong_variable_ball_x_dose+600", "elapsed_seconds": 590.46}
{"phase": "selection", "records_complete": 85, "record_id": "2026-05-15T03-56-59Z-e3a44c_clip00_seed2026090701_baseline_dose+0", "elapsed_seconds": 598.37}
{"phase": "selection", "records_complete": 86, "record_id": "2026-05-15T03-56-59Z-e3a44c_clip00_seed2026090701_probe_linear_dose-600", "elapsed_seconds": 605.5}
{"phase": "selection", "records_complete": 87, "record_id": "2026-05-15T03-56-59Z-e3a44c_clip00_seed2026090701_probe_linear_dose-300", "elapsed_seconds": 612.64}
{"phase": "selection", "records_complete": 88, "record_id": "2026-05-15T03-56-59Z-e3a44c_clip00_seed2026090701_probe_linear_dose+300", "elapsed_seconds": 619.76}
{"phase": "selection", "records_complete": 89, "record_id": "2026-05-15T03-56-59Z-e3a44c_clip00_seed2026090701_probe_linear_dose+600", "elapsed_seconds": 626.9}
{"phase": "selection", "records_complete": 90, "record_id": "2026-05-15T03-56-59Z-e3a44c_clip00_seed2026090701_affine_forward_dose-600", "elapsed_seconds": 634.04}
{"phase": "selection", "records_complete": 91, "record_id": "2026-05-15T03-56-59Z-e3a44c_clip00_seed2026090701_affine_forward_dose-300", "elapsed_seconds": 641.2}
{"phase": "selection", "records_complete": 92, "record_id": "2026-05-15T03-56-59Z-e3a44c_clip00_seed2026090701_affine_forward_dose+300", "elapsed_seconds": 648.33}
{"phase": "selection", "records_complete": 93, "record_id": "2026-05-15T03-56-59Z-e3a44c_clip00_seed2026090701_affine_forward_dose+600", "elapsed_seconds": 655.48}
{"phase": "selection", "records_complete": 94, "record_id": "2026-05-15T03-56-59Z-e3a44c_clip00_seed2026090701_quadratic_forward_dose-600", "elapsed_seconds": 662.61}
{"phase": "selection", "records_complete": 95, "record_id": "2026-05-15T03-56-59Z-e3a44c_clip00_seed2026090701_quadratic_forward_dose-300", "elapsed_seconds": 669.79}
{"phase": "selection", "records_complete": 96, "record_id": "2026-05-15T03-56-59Z-e3a44c_clip00_seed2026090701_quadratic_forward_dose+300", "elapsed_seconds": 676.93}
{"phase": "selection", "records_complete": 97, "record_id": "2026-05-15T03-56-59Z-e3a44c_clip00_seed2026090701_quadratic_forward_dose+600", "elapsed_seconds": 684.06}
{"phase": "selection", "records_complete": 98, "record_id": "2026-05-15T03-56-59Z-e3a44c_clip00_seed2026090701_random_norm_dose-600", "elapsed_seconds": 691.23}
{"phase": "selection", "records_complete": 99, "record_id": "2026-05-15T03-56-59Z-e3a44c_clip00_seed2026090701_random_norm_dose-300", "elapsed_seconds": 698.38}
{"phase": "selection", "records_complete": 100, "record_id": "2026-05-15T03-56-59Z-e3a44c_clip00_seed2026090701_random_norm_dose+300", "elapsed_seconds": 705.52}
{"phase": "selection", "records_complete": 101, "record_id": "2026-05-15T03-56-59Z-e3a44c_clip00_seed2026090701_random_norm_dose+600", "elapsed_seconds": 712.67}
{"phase": "selection", "records_complete": 102, "record_id": "2026-05-15T03-56-59Z-e3a44c_clip00_seed2026090701_wrong_variable_ball_x_dose-600", "elapsed_seconds": 719.88}
{"phase": "selection", "records_complete": 103, "record_id": "2026-05-15T03-56-59Z-e3a44c_clip00_seed2026090701_wrong_variable_ball_x_dose-300", "elapsed_seconds": 727.02}
{"phase": "selection", "records_complete": 104, "record_id": "2026-05-15T03-56-59Z-e3a44c_clip00_seed2026090701_wrong_variable_ball_x_dose+300", "elapsed_seconds": 734.18}
{"phase": "selection", "records_complete": 105, "record_id": "2026-05-15T03-56-59Z-e3a44c_clip00_seed2026090701_wrong_variable_ball_x_dose+600", "elapsed_seconds": 741.33}
{"phase": "selection", "records_complete": 106, "record_id": "2026-05-15T03-56-59Z-e3a44c_clip00_seed2026090702_baseline_dose+0", "elapsed_seconds": 748.48}
{"phase": "selection", "records_complete": 107, "record_id": "2026-05-15T03-56-59Z-e3a44c_clip00_seed2026090702_probe_linear_dose-600", "elapsed_seconds": 755.63}
{"phase": "selection", "records_complete": 108, "record_id": "2026-05-15T03-56-59Z-e3a44c_clip00_seed2026090702_probe_linear_dose-300", "elapsed_seconds": 762.76}
{"phase": "selection", "records_complete": 109, "record_id": "2026-05-15T03-56-59Z-e3a44c_clip00_seed2026090702_probe_linear_dose+300", "elapsed_seconds": 769.89}
{"phase": "selection", "records_complete": 110, "record_id": "2026-05-15T03-56-59Z-e3a44c_clip00_seed2026090702_probe_linear_dose+600", "elapsed_seconds": 777.0}
{"phase": "selection", "records_complete": 111, "record_id": "2026-05-15T03-56-59Z-e3a44c_clip00_seed2026090702_affine_forward_dose-600", "elapsed_seconds": 784.12}
{"phase": "selection", "records_complete": 112, "record_id": "2026-05-15T03-56-59Z-e3a44c_clip00_seed2026090702_affine_forward_dose-300", "elapsed_seconds": 791.23}
{"phase": "selection", "records_complete": 113, "record_id": "2026-05-15T03-56-59Z-e3a44c_clip00_seed2026090702_affine_forward_dose+300", "elapsed_seconds": 798.4}
{"phase": "selection", "records_complete": 114, "record_id": "2026-05-15T03-56-59Z-e3a44c_clip00_seed2026090702_affine_forward_dose+600", "elapsed_seconds": 805.51}
{"phase": "selection", "records_complete": 115, "record_id": "2026-05-15T03-56-59Z-e3a44c_clip00_seed2026090702_quadratic_forward_dose-600", "elapsed_seconds": 812.64}
{"phase": "selection", "records_complete": 116, "record_id": "2026-05-15T03-56-59Z-e3a44c_clip00_seed2026090702_quadratic_forward_dose-300", "elapsed_seconds": 819.78}
{"phase": "selection", "records_complete": 117, "record_id": "2026-05-15T03-56-59Z-e3a44c_clip00_seed2026090702_quadratic_forward_dose+300", "elapsed_seconds": 826.91}
{"phase": "selection", "records_complete": 118, "record_id": "2026-05-15T03-56-59Z-e3a44c_clip00_seed2026090702_quadratic_forward_dose+600", "elapsed_seconds": 834.03}
{"phase": "selection", "records_complete": 119, "record_id": "2026-05-15T03-56-59Z-e3a44c_clip00_seed2026090702_random_norm_dose-600", "elapsed_seconds": 841.13}
{"phase": "selection", "records_complete": 120, "record_id": "2026-05-15T03-56-59Z-e3a44c_clip00_seed2026090702_random_norm_dose-300", "elapsed_seconds": 848.27}
{"phase": "selection", "records_complete": 121, "record_id": "2026-05-15T03-56-59Z-e3a44c_clip00_seed2026090702_random_norm_dose+300", "elapsed_seconds": 855.4}
{"phase": "selection", "records_complete": 122, "record_id": "2026-05-15T03-56-59Z-e3a44c_clip00_seed2026090702_random_norm_dose+600", "elapsed_seconds": 862.52}
{"phase": "selection", "records_complete": 123, "record_id": "2026-05-15T03-56-59Z-e3a44c_clip00_seed2026090702_wrong_variable_ball_x_dose-600", "elapsed_seconds": 869.64}
{"phase": "selection", "records_complete": 124, "record_id": "2026-05-15T03-56-59Z-e3a44c_clip00_seed2026090702_wrong_variable_ball_x_dose-300", "elapsed_seconds": 876.76}
{"phase": "selection", "records_complete": 125, "record_id": "2026-05-15T03-56-59Z-e3a44c_clip00_seed2026090702_wrong_variable_ball_x_dose+300", "elapsed_seconds": 883.87}
{"phase": "selection", "records_complete": 126, "record_id": "2026-05-15T03-56-59Z-e3a44c_clip00_seed2026090702_wrong_variable_ball_x_dose+600", "elapsed_seconds": 891.0}
{"phase": "selection", "records_complete": 127, "record_id": "2026-05-29T18-26-16Z-a78ba5_clip00_seed2026090701_baseline_dose+0", "elapsed_seconds": 898.89}
{"phase": "selection", "records_complete": 128, "record_id": "2026-05-29T18-26-16Z-a78ba5_clip00_seed2026090701_probe_linear_dose-600", "elapsed_seconds": 905.98}
{"phase": "selection", "records_complete": 129, "record_id": "2026-05-29T18-26-16Z-a78ba5_clip00_seed2026090701_probe_linear_dose-300", "elapsed_seconds": 913.06}
{"phase": "selection", "records_complete": 130, "record_id": "2026-05-29T18-26-16Z-a78ba5_clip00_seed2026090701_probe_linear_dose+300", "elapsed_seconds": 920.13}
{"phase": "selection", "records_complete": 131, "record_id": "2026-05-29T18-26-16Z-a78ba5_clip00_seed2026090701_probe_linear_dose+600", "elapsed_seconds": 927.21}
{"phase": "selection", "records_complete": 132, "record_id": "2026-05-29T18-26-16Z-a78ba5_clip00_seed2026090701_affine_forward_dose-600", "elapsed_seconds": 934.31}
{"phase": "selection", "records_complete": 133, "record_id": "2026-05-29T18-26-16Z-a78ba5_clip00_seed2026090701_affine_forward_dose-300", "elapsed_seconds": 941.37}
{"phase": "selection", "records_complete": 134, "record_id": "2026-05-29T18-26-16Z-a78ba5_clip00_seed2026090701_affine_forward_dose+300", "elapsed_seconds": 948.46}
{"phase": "selection", "records_complete": 135, "record_id": "2026-05-29T18-26-16Z-a78ba5_clip00_seed2026090701_affine_forward_dose+600", "elapsed_seconds": 955.5}
{"phase": "selection", "records_complete": 136, "record_id": "2026-05-29T18-26-16Z-a78ba5_clip00_seed2026090701_quadratic_forward_dose-600", "elapsed_seconds": 962.56}
{"phase": "selection", "records_complete": 137, "record_id": "2026-05-29T18-26-16Z-a78ba5_clip00_seed2026090701_quadratic_forward_dose-300", "elapsed_seconds": 969.62}
{"phase": "selection", "records_complete": 138, "record_id": "2026-05-29T18-26-16Z-a78ba5_clip00_seed2026090701_quadratic_forward_dose+300", "elapsed_seconds": 976.95}
{"phase": "selection", "records_complete": 139, "record_id": "2026-05-29T18-26-16Z-a78ba5_clip00_seed2026090701_quadratic_forward_dose+600", "elapsed_seconds": 984.01}
{"phase": "selection", "records_complete": 140, "record_id": "2026-05-29T18-26-16Z-a78ba5_clip00_seed2026090701_random_norm_dose-600", "elapsed_seconds": 991.06}
{"phase": "selection", "records_complete": 141, "record_id": "2026-05-29T18-26-16Z-a78ba5_clip00_seed2026090701_random_norm_dose-300", "elapsed_seconds": 998.13}
{"phase": "selection", "records_complete": 142, "record_id": "2026-05-29T18-26-16Z-a78ba5_clip00_seed2026090701_random_norm_dose+300", "elapsed_seconds": 1005.19}
{"phase": "selection", "records_complete": 143, "record_id": "2026-05-29T18-26-16Z-a78ba5_clip00_seed2026090701_random_norm_dose+600", "elapsed_seconds": 1012.25}
{"phase": "selection", "records_complete": 144, "record_id": "2026-05-29T18-26-16Z-a78ba5_clip00_seed2026090701_wrong_variable_ball_x_dose-600", "elapsed_seconds": 1019.3}
{"phase": "selection", "records_complete": 145, "record_id": "2026-05-29T18-26-16Z-a78ba5_clip00_seed2026090701_wrong_variable_ball_x_dose-300", "elapsed_seconds": 1026.35}
{"phase": "selection", "records_complete": 146, "record_id": "2026-05-29T18-26-16Z-a78ba5_clip00_seed2026090701_wrong_variable_ball_x_dose+300", "elapsed_seconds": 1033.4}
{"phase": "selection", "records_complete": 147, "record_id": "2026-05-29T18-26-16Z-a78ba5_clip00_seed2026090701_wrong_variable_ball_x_dose+600", "elapsed_seconds": 1040.49}
{"phase": "selection", "records_complete": 148, "record_id": "2026-05-29T18-26-16Z-a78ba5_clip00_seed2026090702_baseline_dose+0", "elapsed_seconds": 1047.53}
{"phase": "selection", "records_complete": 149, "record_id": "2026-05-29T18-26-16Z-a78ba5_clip00_seed2026090702_probe_linear_dose-600", "elapsed_seconds": 1054.58}
{"phase": "selection", "records_complete": 150, "record_id": "2026-05-29T18-26-16Z-a78ba5_clip00_seed2026090702_probe_linear_dose-300", "elapsed_seconds": 1061.62}
{"phase": "selection", "records_complete": 151, "record_id": "2026-05-29T18-26-16Z-a78ba5_clip00_seed2026090702_probe_linear_dose+300", "elapsed_seconds": 1068.67}
{"phase": "selection", "records_complete": 152, "record_id": "2026-05-29T18-26-16Z-a78ba5_clip00_seed2026090702_probe_linear_dose+600", "elapsed_seconds": 1075.74}
{"phase": "selection", "records_complete": 153, "record_id": "2026-05-29T18-26-16Z-a78ba5_clip00_seed2026090702_affine_forward_dose-600", "elapsed_seconds": 1082.81}
{"phase": "selection", "records_complete": 154, "record_id": "2026-05-29T18-26-16Z-a78ba5_clip00_seed2026090702_affine_forward_dose-300", "elapsed_seconds": 1089.89}
{"phase": "selection", "records_complete": 155, "record_id": "2026-05-29T18-26-16Z-a78ba5_clip00_seed2026090702_affine_forward_dose+300", "elapsed_seconds": 1096.93}
{"phase": "selection", "records_complete": 156, "record_id": "2026-05-29T18-26-16Z-a78ba5_clip00_seed2026090702_affine_forward_dose+600", "elapsed_seconds": 1104.0}
{"phase": "selection", "records_complete": 157, "record_id": "2026-05-29T18-26-16Z-a78ba5_clip00_seed2026090702_quadratic_forward_dose-600", "elapsed_seconds": 1111.05}
{"phase": "selection", "records_complete": 158, "record_id": "2026-05-29T18-26-16Z-a78ba5_clip00_seed2026090702_quadratic_forward_dose-300", "elapsed_seconds": 1118.11}
{"phase": "selection", "records_complete": 159, "record_id": "2026-05-29T18-26-16Z-a78ba5_clip00_seed2026090702_quadratic_forward_dose+300", "elapsed_seconds": 1125.15}
{"phase": "selection", "records_complete": 160, "record_id": "2026-05-29T18-26-16Z-a78ba5_clip00_seed2026090702_quadratic_forward_dose+600", "elapsed_seconds": 1132.19}
{"phase": "selection", "records_complete": 161, "record_id": "2026-05-29T18-26-16Z-a78ba5_clip00_seed2026090702_random_norm_dose-600", "elapsed_seconds": 1139.25}
{"phase": "selection", "records_complete": 162, "record_id": "2026-05-29T18-26-16Z-a78ba5_clip00_seed2026090702_random_norm_dose-300", "elapsed_seconds": 1146.31}
{"phase": "selection", "records_complete": 163, "record_id": "2026-05-29T18-26-16Z-a78ba5_clip00_seed2026090702_random_norm_dose+300", "elapsed_seconds": 1153.38}
{"phase": "selection", "records_complete": 164, "record_id": "2026-05-29T18-26-16Z-a78ba5_clip00_seed2026090702_random_norm_dose+600", "elapsed_seconds": 1160.42}
{"phase": "selection", "records_complete": 165, "record_id": "2026-05-29T18-26-16Z-a78ba5_clip00_seed2026090702_wrong_variable_ball_x_dose-600", "elapsed_seconds": 1167.47}
{"phase": "selection", "records_complete": 166, "record_id": "2026-05-29T18-26-16Z-a78ba5_clip00_seed2026090702_wrong_variable_ball_x_dose-300", "elapsed_seconds": 1174.51}
{"phase": "selection", "records_complete": 167, "record_id": "2026-05-29T18-26-16Z-a78ba5_clip00_seed2026090702_wrong_variable_ball_x_dose+300", "elapsed_seconds": 1181.56}
{"phase": "selection", "records_complete": 168, "record_id": "2026-05-29T18-26-16Z-a78ba5_clip00_seed2026090702_wrong_variable_ball_x_dose+600", "elapsed_seconds": 1188.63}
{"phase": "selection", "records_complete": 169, "record_id": "2026-05-30T04-09-19Z-e64537_clip00_seed2026090701_baseline_dose+0", "elapsed_seconds": 1196.5}
{"phase": "selection", "records_complete": 170, "record_id": "2026-05-30T04-09-19Z-e64537_clip00_seed2026090701_probe_linear_dose-600", "elapsed_seconds": 1203.59}
{"phase": "selection", "records_complete": 171, "record_id": "2026-05-30T04-09-19Z-e64537_clip00_seed2026090701_probe_linear_dose-300", "elapsed_seconds": 1210.67}
{"phase": "selection", "records_complete": 172, "record_id": "2026-05-30T04-09-19Z-e64537_clip00_seed2026090701_probe_linear_dose+300", "elapsed_seconds": 1217.73}
{"phase": "selection", "records_complete": 173, "record_id": "2026-05-30T04-09-19Z-e64537_clip00_seed2026090701_probe_linear_dose+600", "elapsed_seconds": 1224.8}
{"phase": "selection", "records_complete": 174, "record_id": "2026-05-30T04-09-19Z-e64537_clip00_seed2026090701_affine_forward_dose-600", "elapsed_seconds": 1231.86}
{"phase": "selection", "records_complete": 175, "record_id": "2026-05-30T04-09-19Z-e64537_clip00_seed2026090701_affine_forward_dose-300", "elapsed_seconds": 1238.95}
{"phase": "selection", "records_complete": 176, "record_id": "2026-05-30T04-09-19Z-e64537_clip00_seed2026090701_affine_forward_dose+300", "elapsed_seconds": 1246.05}
{"phase": "selection", "records_complete": 177, "record_id": "2026-05-30T04-09-19Z-e64537_clip00_seed2026090701_affine_forward_dose+600", "elapsed_seconds": 1253.17}
{"phase": "selection", "records_complete": 178, "record_id": "2026-05-30T04-09-19Z-e64537_clip00_seed2026090701_quadratic_forward_dose-600", "elapsed_seconds": 1260.29}
{"phase": "selection", "records_complete": 179, "record_id": "2026-05-30T04-09-19Z-e64537_clip00_seed2026090701_quadratic_forward_dose-300", "elapsed_seconds": 1267.41}
{"phase": "selection", "records_complete": 180, "record_id": "2026-05-30T04-09-19Z-e64537_clip00_seed2026090701_quadratic_forward_dose+300", "elapsed_seconds": 1274.53}
{"phase": "selection", "records_complete": 181, "record_id": "2026-05-30T04-09-19Z-e64537_clip00_seed2026090701_quadratic_forward_dose+600", "elapsed_seconds": 1281.67}
{"phase": "selection", "records_complete": 182, "record_id": "2026-05-30T04-09-19Z-e64537_clip00_seed2026090701_random_norm_dose-600", "elapsed_seconds": 1288.8}
{"phase": "selection", "records_complete": 183, "record_id": "2026-05-30T04-09-19Z-e64537_clip00_seed2026090701_random_norm_dose-300", "elapsed_seconds": 1295.91}
{"phase": "selection", "records_complete": 184, "record_id": "2026-05-30T04-09-19Z-e64537_clip00_seed2026090701_random_norm_dose+300", "elapsed_seconds": 1303.03}
{"phase": "selection", "records_complete": 185, "record_id": "2026-05-30T04-09-19Z-e64537_clip00_seed2026090701_random_norm_dose+600", "elapsed_seconds": 1310.15}
{"phase": "selection", "records_complete": 186, "record_id": "2026-05-30T04-09-19Z-e64537_clip00_seed2026090701_wrong_variable_ball_x_dose-600", "elapsed_seconds": 1317.27}
{"phase": "selection", "records_complete": 187, "record_id": "2026-05-30T04-09-19Z-e64537_clip00_seed2026090701_wrong_variable_ball_x_dose-300", "elapsed_seconds": 1324.38}
{"phase": "selection", "records_complete": 188, "record_id": "2026-05-30T04-09-19Z-e64537_clip00_seed2026090701_wrong_variable_ball_x_dose+300", "elapsed_seconds": 1331.49}
{"phase": "selection", "records_complete": 189, "record_id": "2026-05-30T04-09-19Z-e64537_clip00_seed2026090701_wrong_variable_ball_x_dose+600", "elapsed_seconds": 1338.6}
{"phase": "selection", "records_complete": 190, "record_id": "2026-05-30T04-09-19Z-e64537_clip00_seed2026090702_baseline_dose+0", "elapsed_seconds": 1345.71}
{"phase": "selection", "records_complete": 191, "record_id": "2026-05-30T04-09-19Z-e64537_clip00_seed2026090702_probe_linear_dose-600", "elapsed_seconds": 1352.83}
{"phase": "selection", "records_complete": 192, "record_id": "2026-05-30T04-09-19Z-e64537_clip00_seed2026090702_probe_linear_dose-300", "elapsed_seconds": 1359.95}
{"phase": "selection", "records_complete": 193, "record_id": "2026-05-30T04-09-19Z-e64537_clip00_seed2026090702_probe_linear_dose+300", "elapsed_seconds": 1367.08}
{"phase": "selection", "records_complete": 194, "record_id": "2026-05-30T04-09-19Z-e64537_clip00_seed2026090702_probe_linear_dose+600", "elapsed_seconds": 1374.19}
{"phase": "selection", "records_complete": 195, "record_id": "2026-05-30T04-09-19Z-e64537_clip00_seed2026090702_affine_forward_dose-600", "elapsed_seconds": 1381.31}
{"phase": "selection", "records_complete": 196, "record_id": "2026-05-30T04-09-19Z-e64537_clip00_seed2026090702_affine_forward_dose-300", "elapsed_seconds": 1388.43}
{"phase": "selection", "records_complete": 197, "record_id": "2026-05-30T04-09-19Z-e64537_clip00_seed2026090702_affine_forward_dose+300", "elapsed_seconds": 1395.56}
{"phase": "selection", "records_complete": 198, "record_id": "2026-05-30T04-09-19Z-e64537_clip00_seed2026090702_affine_forward_dose+600", "elapsed_seconds": 1402.68}
{"phase": "selection", "records_complete": 199, "record_id": "2026-05-30T04-09-19Z-e64537_clip00_seed2026090702_quadratic_forward_dose-600", "elapsed_seconds": 1409.8}
{"phase": "selection", "records_complete": 200, "record_id": "2026-05-30T04-09-19Z-e64537_clip00_seed2026090702_quadratic_forward_dose-300", "elapsed_seconds": 1416.92}
{"phase": "selection", "records_complete": 201, "record_id": "2026-05-30T04-09-19Z-e64537_clip00_seed2026090702_quadratic_forward_dose+300", "elapsed_seconds": 1424.04}
{"phase": "selection", "records_complete": 202, "record_id": "2026-05-30T04-09-19Z-e64537_clip00_seed2026090702_quadratic_forward_dose+600", "elapsed_seconds": 1431.2}
{"phase": "selection", "records_complete": 203, "record_id": "2026-05-30T04-09-19Z-e64537_clip00_seed2026090702_random_norm_dose-600", "elapsed_seconds": 1438.33}
{"phase": "selection", "records_complete": 204, "record_id": "2026-05-30T04-09-19Z-e64537_clip00_seed2026090702_random_norm_dose-300", "elapsed_seconds": 1445.48}
{"phase": "selection", "records_complete": 205, "record_id": "2026-05-30T04-09-19Z-e64537_clip00_seed2026090702_random_norm_dose+300", "elapsed_seconds": 1452.61}
{"phase": "selection", "records_complete": 206, "record_id": "2026-05-30T04-09-19Z-e64537_clip00_seed2026090702_random_norm_dose+600", "elapsed_seconds": 1459.73}
{"phase": "selection", "records_complete": 207, "record_id": "2026-05-30T04-09-19Z-e64537_clip00_seed2026090702_wrong_variable_ball_x_dose-600", "elapsed_seconds": 1466.81}
{"phase": "selection", "records_complete": 208, "record_id": "2026-05-30T04-09-19Z-e64537_clip00_seed2026090702_wrong_variable_ball_x_dose-300", "elapsed_seconds": 1473.91}
{"phase": "selection", "records_complete": 209, "record_id": "2026-05-30T04-09-19Z-e64537_clip00_seed2026090702_wrong_variable_ball_x_dose+300", "elapsed_seconds": 1481.01}
{"phase": "selection", "records_complete": 210, "record_id": "2026-05-30T04-09-19Z-e64537_clip00_seed2026090702_wrong_variable_ball_x_dose+600", "elapsed_seconds": 1488.1}
Completed rollout selection; independent generated-video evaluation remains separate.
