Development: mean/block_0_input
Development: mean/block_0_output
Development: mean/block_1_output
Development: mean/block_2_output
Development: mean/block_3_output
Development: mean/block_4_output
Development: mean/block_5_output
Development: mean/block_6_output
Development: mean/block_7_output
Development: mean/block_8_output
Development: mean/block_9_output
Development: mean/block_10_output
Development: mean/block_11_output
Development: mean/block_12_output
Development: mean/block_13_output
Development: mean/block_14_output
Development: mean/block_15_output
Development: spatial/block_0_input
Development: spatial/block_0_output
Development: spatial/block_1_output
Development: spatial/block_2_output
Development: spatial/block_3_output
Development: spatial/block_4_output
Development: spatial/block_5_output
Development: spatial/block_6_output
Development: spatial/block_7_output
Development: spatial/block_8_output
Development: spatial/block_9_output
Development: spatial/block_10_output
Development: spatial/block_11_output
Development: spatial/block_12_output
Development: spatial/block_13_output
Development: spatial/block_14_output
Development: spatial/block_15_output
Development: codec_mean_X
Development: codec_spatial_X
Development: RGB_X
Development: mean/block_5_output/current_and_delta
Development: mean/block_6_output/current_and_delta
Development analysis complete; new confirmation remains required.
