https://github.com/guptaishaan/mira-interp/releases/tag/sparse-fidelity-v1-2026-09-07
{
  "status": "passed",
  "verified_utc": "2026-09-07T07:46:05.294940+00:00",
  "release_url": "https://github.com/guptaishaan/mira-interp/releases/tag/sparse-fidelity-v1-2026-09-07",
  "release_id": 383909708,
  "target_commit": "c366647a7d198f432a7085c57a06ba33de452f4d",
  "asset": {
    "id": 548384891,
    "name": "mira_sparse_conditional_fidelity_v1.tar.gz",
    "size": 460616978,
    "digest": "sha256:91c5c38bc8d43a98087f3f720dc4b677e300926946bcd796707ad939e1659b56",
    "state": "uploaded",
    "browser_download_url": "https://github.com/guptaishaan/mira-interp/releases/download/sparse-fidelity-v1-2026-09-07/mira_sparse_conditional_fidelity_v1.tar.gz"
  },
  "api_size_and_digest_equal_local_verified_archive": true,
  "archive_report_sha256": "7b063cc690f8cf06075c4e17eefd9ab9054d9ddaea15064c3493f08518566949",
  "release_notes_sha256": "6b57aad1e695c0f948cfffc62c12a474dbebf3d0bcf3ed9702f58e2ef2fb743a",
  "publication_script_sha256": "f027b479ee80b5bfc2ba6633bf3f740656bc790d4fc8d3a0ec5ca45e6a6928b9"
}
